20
20
2
40
40
2
80
80
2
160
160
2
320
320
2
4
320
4
16
320
16
256
320
256
65536
320
65536
4294967296
320
4294967296
18446744073709551616
320
18446744073709551616
11111
 Total number of branches 45
