13
14
11
13
13
14
12
13
13
14
13
13
13
14
14
13
13
14
15
13
13
14
16
13
13
14
17
13
13
14
18
13
13
14
19
13
13
14
20
13
153
 Total number of branches 61
