18
13
11
13
18
13
12
13
18
13
13
13
18
13
14
13
18
13
15
13
18
13
16
13
18
13
17
13
18
13
18
13
18
13
19
13
18
13
20
13
153
 Total number of branches 51
